[10:02:23Z] === quant ledger rebuild on the 5080
[10:02:23Z] --- gold70.E2B.UD-Q4_K_XL  (70 notes, 3 procs)
[10:05:17Z] OK   gold70.E2B.UD-Q4_K_XL strictF1=0.6714
[10:05:17Z]   committed gold70.E2B.UD-Q4_K_XL
[10:05:17Z] --- gold70.E2B.UD-Q6_K_XL  (70 notes, 3 procs)
[10:08:21Z] OK   gold70.E2B.UD-Q6_K_XL strictF1=0.6569
[10:08:21Z]   committed gold70.E2B.UD-Q6_K_XL
[10:08:21Z] --- gold70.E2B.UD-Q8_K_XL  (70 notes, 3 procs)
[10:11:39Z] OK   gold70.E2B.UD-Q8_K_XL strictF1=0.6475
[10:11:39Z]   committed gold70.E2B.UD-Q8_K_XL
[10:11:39Z] --- gold70.E4B.UD-Q4_K_XL  (70 notes, 2 procs)
[10:14:05Z] OK   gold70.E4B.UD-Q4_K_XL strictF1=0.7083
[10:14:05Z]   committed gold70.E4B.UD-Q4_K_XL
[10:14:05Z] --- gold70.E4B.UD-Q6_K_XL  (70 notes, 2 procs)
[10:16:24Z] OK   gold70.E4B.UD-Q6_K_XL strictF1=0.7660
[10:16:24Z]   committed gold70.E4B.UD-Q6_K_XL
[10:16:24Z] --- gold70.E4B.UD-Q8_K_XL  (70 notes, 2 procs)
[10:19:05Z] OK   gold70.E4B.UD-Q8_K_XL strictF1=0.7324
[10:19:05Z]   committed gold70.E4B.UD-Q8_K_XL
[10:19:05Z] --- v5small.E2B.UD-Q4_K_XL  (1001 notes, 3 procs)
[10:39:39Z] OK   v5small.E2B.UD-Q4_K_XL strictF1=0.6138
[10:39:39Z]   committed v5small.E2B.UD-Q4_K_XL
[10:39:39Z] --- v5small.E2B.UD-Q6_K_XL  (1001 notes, 3 procs)
[11:02:37Z] OK   v5small.E2B.UD-Q6_K_XL strictF1=0.6138
[11:02:38Z]   committed v5small.E2B.UD-Q6_K_XL
[11:02:38Z] --- v5small.E4B.UD-Q4_K_XL  (1001 notes, 2 procs)
[11:22:56Z] OK   v5small.E4B.UD-Q4_K_XL strictF1=0.6202
