+ set -e
+++ dirname tests/test_integration.sh
++ cd tests
++ pwd
+ SCRIPT_DIR=/home/virant/dev/aimee/.aimee/worktrees/ce33e574-e03a75811f2a3c69/main/src/tests
++ cd /home/virant/dev/aimee/.aimee/worktrees/ce33e574-e03a75811f2a3c69/main/src/tests/../..
++ pwd
+ REPO_ROOT=/home/virant/dev/aimee/.aimee/worktrees/ce33e574-e03a75811f2a3c69/main
+ AIMEE=/home/virant/dev/aimee/.aimee/worktrees/ce33e574-e03a75811f2a3c69/main/aimee
+ AIMEE_SERVER=/home/virant/dev/aimee/.aimee/worktrees/ce33e574-e03a75811f2a3c69/main/aimee-server
+ export PATH=/home/virant/dev/aimee/.aimee/worktrees/ce33e574-e03a75811f2a3c69/main:/home/virant/.local/bin:/home/virant/.opencode/bin:/home/virant/.local/bin:/usr/local/bin:/usr/bin:/bin:/usr/local/games:/usr/games
+ PATH=/home/virant/dev/aimee/.aimee/worktrees/ce33e574-e03a75811f2a3c69/main:/home/virant/.local/bin:/home/virant/.opencode/bin:/home/virant/.local/bin:/usr/local/bin:/usr/bin:/bin:/usr/local/games:/usr/games
++ mktemp -d /tmp/aimee-integ-XXXXXX
+ export HOME=/tmp/aimee-integ-5sHxr7
+ HOME=/tmp/aimee-integ-5sHxr7
+ export AIMEE_HOME=/tmp/aimee-integ-5sHxr7/.config/aimee
+ AIMEE_HOME=/tmp/aimee-integ-5sHxr7/.config/aimee
+ unset AIMEE_PROFILE
+ mkdir -p /tmp/aimee-integ-5sHxr7/.config/aimee
+ SOCKET=/tmp/aimee-integ-5sHxr7/.config/aimee/aimee.sock
+ export AIMEE_SOCK=/tmp/aimee-integ-5sHxr7/.config/aimee/aimee.sock
+ AIMEE_SOCK=/tmp/aimee-integ-5sHxr7/.config/aimee/aimee.sock
+ HTTP_SOCK=/tmp/aimee-integ-5sHxr7/.config/aimee/aimee-http.sock
+ DB1_MODULE=/home/virant/dev/aimee/.aimee/worktrees/ce33e574-e03a75811f2a3c69/main/src/build/obj/aimee-module-db1
+ MODULE_POLICY_DIR=/tmp/aimee-integ-5sHxr7/.config/aimee/modules.d/server
+ MODULE_BUS_SOCK=/tmp/aimee-integ-5sHxr7/.config/aimee/server-module-bus.sock
+ DB1_MODULE_PID=
+ write_db1_grant
+ mkdir -p /tmp/aimee-integ-5sHxr7/.config/aimee/modules.d/server
+ local serve
++ sed -n 's/^serve=//p' /home/virant/dev/aimee/.aimee/worktrees/ce33e574-e03a75811f2a3c69/main/src/build/obj/module-bundle/grants/server/db1.grant
+ serve=
