Warning: You are sending unauthenticated requests to the HF Hub. Please set a HF_TOKEN to enable higher rate limits and faster downloads.
Loading weights:   0%|          | 0/322 [00:00<?, ?it/s]Loading weights:   5%|▍         | 16/322 [00:00<00:01, 153.55it/s]Loading weights:  16%|█▋        | 53/322 [00:00<00:00, 272.27it/s]Loading weights:  32%|███▏      | 103/322 [00:00<00:00, 369.93it/s]Loading weights:  44%|████▍     | 142/322 [00:00<00:00, 377.62it/s]Loading weights:  57%|█████▋    | 185/322 [00:00<00:00, 391.67it/s]Loading weights:  70%|██████▉   | 225/322 [00:00<00:00, 389.33it/s]Loading weights:  84%|████████▍ | 270/322 [00:00<00:00, 408.48it/s]Loading weights:  97%|█████████▋| 311/322 [00:00<00:00, 385.20it/s]Loading weights: 100%|██████████| 322/322 [00:00<00:00, 373.95it/s]
Traceback (most recent call last):
  File "/opt/bench/lib/python3.13/site-packages/transformers/cache_utils.py", line 1461, in has_previous_state
    layer_idx = next(
        idx
        for idx in range(len(self) - 1, -1, -1)
        if isinstance(self.layers[idx], LinearAttentionCacheLayerMixin)
    )
StopIteration

During handling of the above exception, another exception occurred:

Traceback (most recent call last):
  File "/opt/tierA/bench/tier-a/harness/run_hf.py", line 176, in <module>
    main()
    ~~~~^^
  File "/opt/tierA/bench/tier-a/harness/run_hf.py", line 135, in main
    out = model.generate(
        **enc,
    ...<5 lines>...
           if args.repetition_penalty else {}),
    )
  File "/opt/bench/lib/python3.13/site-packages/torch/utils/_contextlib.py", line 124, in decorate_context
    return func(*args, **kwargs)
  File "/opt/bench/lib/python3.13/site-packages/transformers/generation/utils.py", line 2681, in generate
    result = decoding_method(
        self,
    ...<5 lines>...
        **model_kwargs,
    )
  File "/opt/bench/lib/python3.13/site-packages/transformers/generation/utils.py", line 2881, in _sample
    outputs = self._prefill(
        input_ids,
    ...<2 lines>...
        is_first_iteration=not generation_config.is_assistant,
    )
  File "/opt/bench/lib/python3.13/site-packages/transformers/generation/utils.py", line 3961, in _prefill
    return self(**model_inputs, return_dict=True)
  File "/opt/bench/lib/python3.13/site-packages/torch/nn/modules/module.py", line 1779, in _wrapped_call_impl
    return self._call_impl(*args, **kwargs)
           ~~~~~~~~~~~~~~~^^^^^^^^^^^^^^^^^
  File "/opt/bench/lib/python3.13/site-packages/torch/nn/modules/module.py", line 1790, in _call_impl
    return forward_call(*args, **kwargs)
  File "/opt/bench/lib/python3.13/site-packages/transformers/utils/generic.py", line 911, in wrapper
    output = func(self, *args, **kwargs)
  File "/opt/bench/lib/python3.13/site-packages/transformers/models/granitemoehybrid/modeling_granitemoehybrid.py", line 1318, in forward
    outputs = self.model(
        input_ids=input_ids,
    ...<4 lines>...
        **kwargs,
    )
  File "/opt/bench/lib/python3.13/site-packages/torch/nn/modules/module.py", line 1779, in _wrapped_call_impl
    return self._call_impl(*args, **kwargs)
           ~~~~~~~~~~~~~~~^^^^^^^^^^^^^^^^^
  File "/opt/bench/lib/python3.13/site-packages/torch/nn/modules/module.py", line 1790, in _call_impl
    return forward_call(*args, **kwargs)
  File "/opt/bench/lib/python3.13/site-packages/transformers/utils/generic.py", line 1040, in wrapper
    output = func(self, *args, **kwargs)
  File "/opt/bench/lib/python3.13/site-packages/transformers/utils/output_capturing.py", line 262, in wrapper
    outputs = func(self, *args, **kwargs)
  File "/opt/bench/lib/python3.13/site-packages/transformers/models/granitemoehybrid/modeling_granitemoehybrid.py", line 1151, in forward
    "linear_attention": create_recurrent_attention_mask(**mask_kwargs),
                        ~~~~~~~~~~~~~~~~~~~~~~~~~~~~~~~^^^^^^^^^^^^^^^
  File "/opt/bench/lib/python3.13/site-packages/transformers/masking_utils.py", line 1468, in create_recurrent_attention_mask
    if past_key_values is not None and past_key_values.has_previous_state():
                                       ~~~~~~~~~~~~~~~~~~~~~~~~~~~~~~~~~~^^
  File "/opt/bench/lib/python3.13/site-packages/transformers/cache_utils.py", line 1467, in has_previous_state
    raise ValueError(
    ...<2 lines>...
    )
ValueError: `has_previous_state` can only be called on LinearAttention layers, and the current Cache seem to only contain Attention layers.
