[10:54:51Z] === 3k QAT pair on the 5080
[10:54:51Z] --- gemma-4-12B-it.qat.mid3k on 5080, nproc=1, MTP, 3002 notes
[10:54:57Z] sizing: starting one server to measure resident VRAM
[10:55:13Z]   one instance uses 7758 MiB of 16303 MiB
[10:55:13Z]   -> running 1 processes, cache-ram 1024 MiB each
[10:55:13Z]   all 1 servers up; VRAM now 7758 MiB
[10:55:13Z] START gemma-4-12B-it.qat.mid3k across 1 shards
Traceback (most recent call last):
  File "<stdin>", line 6, in <module>
  File "/usr/lib/python3.13/json/__init__.py", line 346, in loads
    return _default_decoder.decode(s)
           ~~~~~~~~~~~~~~~~~~~~~~~^^^
  File "/usr/lib/python3.13/json/decoder.py", line 345, in decode
    obj, end = self.raw_decode(s, idx=_w(s, 0).end())
               ~~~~~~~~~~~~~~~^^^^^^^^^^^^^^^^^^^^^^^
  File "/usr/lib/python3.13/json/decoder.py", line 361, in raw_decode
    obj, end = self.scan_once(s, idx)
               ~~~~~~~~~~~~~~^^^^^^^^
json.decoder.JSONDecodeError: Expecting ',' delimiter: line 1 column 2891 (char 2890)
EMPTY: no rows were produced
[22:39:10Z] FAIL gemma-4-12B-it.qat.mid3k: merge rejected (see above), discarding
[22:39:16Z] FAIL gemma-4-12B-it.qat.mid3k
